    Updating crates.io index
 Downloading crates ...
  Downloaded rust-script v0.36.0
  Installing rust-script v0.36.0
    Updating crates.io index
     Locking 113 packages to latest compatible versions
      Adding generic-array v0.14.7 (available: v0.14.9)
      Adding sha1 v0.10.6 (available: v0.11.0)
      Adding toml v0.9.12+spec-1.1.0 (available: v1.1.2+spec-1.1.0)
      Adding winreg v0.55.0 (available: v0.56.0)
 Downloading crates ...
  Downloaded block-buffer v0.10.4
  Downloaded anstyle-parse v1.0.0
  Downloaded anstyle-query v1.1.5
  Downloaded clap v4.6.1
  Downloaded toml_writer v1.1.1+spec-1.1.0
  Downloaded strsim v0.11.1
  Downloaded pulldown-cmark-escape v0.11.0
  Downloaded unicase v2.9.0
  Downloaded toml_parser v1.1.2+spec-1.1.0
  Downloaded utf8parse v0.2.2
  Downloaded option-ext v0.2.0
  Downloaded generic-array v0.14.7
  Downloaded env_filter v1.0.1
  Downloaded env_logger v0.11.10
  Downloaded dirs-sys v0.5.0
  Downloaded getrandom v0.4.2
  Downloaded sha1 v0.10.6
  Downloaded once_cell v1.21.4
  Downloaded typenum v1.19.0
  Downloaded dirs v6.0.0
  Downloaded indexmap v2.14.0
  Downloaded errno v0.3.14
  Downloaded digest v0.10.7
  Downloaded memchr v2.8.0
  Downloaded cpufeatures v0.2.17
  Downloaded log v0.4.29
  Downloaded winnow v1.0.1
  Downloaded regex v1.12.3
  Downloaded winnow v0.7.15
  Downloaded hashbrown v0.17.0
  Downloaded unicode-width v0.2.2
  Downloaded pulldown-cmark v0.13.3
  Downloaded getopts v0.2.24
  Downloaded serde_spanned v1.1.1
  Downloaded regex-syntax v0.8.10
  Downloaded fastrand v2.4.1
  Downloaded crypto-common v0.1.7
  Downloaded is_terminal_polyfill v1.70.2
  Downloaded colorchoice v1.0.5
  Downloaded rustix v1.1.4
  Downloaded clap_builder v4.6.0
  Downloaded bitflags v2.11.1
  Downloaded anstyle v1.0.14
  Downloaded anstream v1.0.0
  Downloaded toml v0.9.12+spec-1.1.0
  Downloaded tempfile v3.27.0
  Downloaded shell-words v1.1.1
  Downloaded clap_lex v1.1.0
  Downloaded regex-automata v0.4.14
  Downloaded jiff v0.2.23
  Downloaded libc v0.2.185
  Downloaded linux-raw-sys v0.12.1
   Compiling version_check v0.9.5
   Compiling typenum v1.19.0
   Compiling memchr v2.8.0
   Compiling libc v0.2.185
   Compiling serde_core v1.0.228
   Compiling utf8parse v0.2.2
   Compiling anstyle-parse v1.0.0
   Compiling generic-array v0.14.7
   Compiling anstyle-query v1.1.5
   Compiling regex-syntax v0.8.10
   Compiling is_terminal_polyfill v1.70.2
   Compiling colorchoice v1.0.5
   Compiling anstyle v1.0.14
   Compiling aho-corasick v1.1.4
   Compiling anstream v1.0.0
   Compiling rustix v1.1.4
   Compiling getrandom v0.4.2
   Compiling bitflags v2.11.1
   Compiling cfg-if v1.0.4
   Compiling crypto-common v0.1.7
   Compiling block-buffer v0.10.4
   Compiling option-ext v0.2.0
   Compiling log v0.4.29
   Compiling unicode-width v0.2.2
   Compiling winnow v1.0.1
   Compiling pulldown-cmark v0.13.3
   Compiling linux-raw-sys v0.12.1
   Compiling strsim v0.11.1
   Compiling regex-automata v0.4.14
   Compiling clap_lex v1.1.0
   Compiling clap_builder v4.6.0
   Compiling toml_datetime v0.7.5+spec-1.1.0
   Compiling serde_spanned v1.1.1
   Compiling toml_parser v1.1.2+spec-1.1.0
   Compiling getopts v0.2.24
   Compiling digest v0.10.7
   Compiling dirs-sys v0.5.0
   Compiling fastrand v2.4.1
   Compiling unicase v2.9.0
   Compiling regex v1.12.3
   Compiling cpufeatures v0.2.17
   Compiling toml_writer v1.1.1+spec-1.1.0
   Compiling jiff v0.2.23
   Compiling winnow v0.7.15
   Compiling once_cell v1.21.4
   Compiling pulldown-cmark-escape v0.11.0
   Compiling env_filter v1.0.1
   Compiling tempfile v3.27.0
   Compiling clap v4.6.1
   Compiling sha1 v0.10.6
   Compiling toml v0.9.12+spec-1.1.0
   Compiling dirs v6.0.0
   Compiling shell-words v1.1.1
   Compiling env_logger v0.11.10
   Compiling rust-script v0.36.0
    Finished `release` profile [optimized] target(s) in 28.76s
  Installing /workspace/.cargo/bin/rust-script
   Installed package `rust-script v0.36.0` (executable `rust-script`)
